2 32.2181694 path
3 0.551879872 path
4 0.493320878 path
5 0.21709911 path
7 0.230569748 path
8 0.310242758 path
12 0.35372607 path
14 0.187090428 path
15 0.144442288 path
16 0.175965939 path
17 0.293007572 path
18 0.802206503 path
19 0.309326159 path
20 0.732454855 path
22 0.283765412 path
23 0.366298387 path
24 0.393164225 path
25 0.324532663 path
26 0.621851001 path
29 0.564450351 path
30 0.35372607 path
31 0.17685438 path
32 0.337105025 path
33 0.12870375 path
34 0.25500111 path
36 0.259764318 path
43 0.273143705 path
44 0.438980858 path
45 0.157897089 path
47 0.155559365 path
48 0.184753924 path
49 0.271617928 path
51 0.245477106 path
52 0.163396162 path
54 0.120809229 path
56 0.374397682 path
57 0.410391285 path
58 0.160632673 path
63 0.149372223 path
67 0.363969622 path
68 0.363041362 path
69 0.397819136 path
70 0.211613038 path
71 0.171292924 path
76 0.120809229 path
79 0.144442288 path
80 0.173892083 path
81 0.345018297 path
82 0.243143044 path
85 0.879207392 path
88 0.262905514 path
89 0.110576828 path
90 8.144369 path
91 1.30644252 path
92 0.187090428 path
93 0.438980858 path
94 0.745968808 path
95 0.815330815 path
96 0.88571928 path
97 0.310242758 path
98 0.454056385 path
99 0.427791908 path
107 0.241620325 path
111 0.403591357 path
113 0.19985792 path
114 0.168956163 path
115 0.326862948 path
117 0.460252311 path
118 1.44445244 path
119 0.558252013 path
120 1.50837927 path
121 1.39042455 path
122 1.05660039 path
123 1.12685949 path
124 1.53000908 path
125 1.0129537 path
126 0.823076015 path
127 0.784855302 path
128 1.0293734 path
129 0.888187363 path
130 0.346926329 path
131 0.71232237 path
132 0.801653434 path
133 0.588407017 path
134 0.497730586 path
135 0.253153089 path
136 0.339620627 path
137 0.212205492 path
141 0.158921134 path
142 0.437024422 path
143 0.198122369 path
144 1.27267656 path
145 0.765091031 path
146 0.935060035 path
147 0.725456044 path
148 0.789088455 path
149 2.37151193 path
150 0.762759365 path
151 0.848742011 path
152 0.649133367 path
153 0.453278596 path
155 0.393164225 path
156 0.727767829 path
157 1.20238562 path
158 0.611192803 path
159 0.889235476 path
160 0.129533759 path
161 0.234618258 path
162 0.412112884 path
163 0.529060635 path
164 0.490958208 path
165 0.434165844 path
166 0.994674449 path
167 1.14332901 path
168 0.781139266 path
170 1.52773899 path
171 0.842211841 path
172 0.451325266 path
173 0.615882898 path
174 0.551664236 path
175 0.964629896 path
176 1.18346516 path
177 0.961269126 path
178 1.06830529 path
181 0.684700243 path
182 0.756012295 path
183 0.294725706 path
184 0.241001382 path
185 0.8819932 path
186 0.522097918 path
187 0.620114284 path
188 0.166192988 path
189 0.728776704 path
190 0.889068415 path
191 0.93383673 path
192 0.674275115 path
193 0.42159748 path
194 0.577192962 path
195 0.520545666 path
196 0.773015683 path
198 0.142986038 path
199 0.90925396 path
200 0.620517704 path
201 0.299388508 path
202 0.661877023 path
203 0.671133089 path
204 0.754081033 path
205 1.10438408 path
206 0.820416973 path
207 0.649133367 path
208 0.904102723 path
209 0.718355908 path
211 0.32625202 path
212 0.291290936 path
213 0.508565244 path
214 1.23420938 path
215 0.833153192 path
216 0.834259221 path
217 0.693953925 path
218 0.446734464 path
219 0.237960223 path
220 0.827338457 path
221 0.98692187 path
222 0.623584833 path
223 0.607947081 path
224 1.18737922 path
225 0.536022233 path
226 0.87101848 path
227 0.766647941 path
228 0.582634855 path
229 0.678904831 path
230 0.756955491 path
231 0.520958555 path
232 0.63169254 path
233 1.21332112 path
234 1.13290472 path
235 0.202193323 path
236 0.190246494 path
237 0.395491749 path
238 0.446734464 path
239 0.324532663 path
240 0.26443072 path
241 0.14532424 path
242 0.680644052 path
243 0.637140756 path
244 0.545682971 path
245 0.340230068 path
246 0.656825498 path
247 0.196629036 path
248 0.697841868 path
249 0.3149045 path
250 0.359176196 path
251 1.47947006 path
252 0.941257214 path
253 0.263812915 path
254 1.29012477 path
255 0.374214103 path
256 0.401867874 path
257 0.42159748 path
258 0.495224985 path
259 0.326862948 path
260 0.156161771 path
261 0.464302674 path
262 0.372675656 path
263 0.493495074 path
264 0.45792787 path
265 0.283572297 path
266 0.330302866 path
267 0.454056385 path
268 0.237764992 path
269 0.491172382 path
270 1.25491896 path
271 0.381987067 path
272 0.475920554 path
273 1.0145101 path
274 1.06086175 path
275 0.45792787 path
276 0.971326447 path
277 0.893841486 path
278 1.2156084 path
279 1.09020664 path
280 0.83563697 path
281 1.58814841 path
282 0.966730984 path
283 0.994328946 path
284 3.68948955 path
285 1.03698007 path
286 0.900388989 path
288 1.76126988 path
289 1.48174497 path
290 0.739604136 path
291 0.663025319 path
292 0.78772892 path
293 0.635405619 path
294 0.68684659 path
295 0.818666549 path
296 0.363041362 path
297 0.479196901 path
298 0.8570851 path
299 0.41443943 path
300 0.84149648 path
301 0.654343119 path
302 0.73903425 path
303 0.593642649 path
304 1.26647215 path
305 0.838157483 path
306 0.543363097 path
308 0.15253647 path
309 0.562130578 path
310 0.242717569 path
311 0.380776508 path
312 0.183238486 path
313 0.138256961 path
314 0.71661873 path
315 0.921818783 path
316 0.753915455 path
317 1.04991032 path
318 0.471273789 path
319 0.7588739 path
320 0.182417253 path
322 0.157897089 path
327 0.352007059 path
329 0.2690965 path
330 0.127825397 path
336 0.175965939 path
339 0.197327382 path
351 0.298286174 path
353 0.106529833 path
356 0.127825397 path
368 0.141276707 path
369 0.106529833 path
374 0.109743667 path
380 0.12548685 path
384 0.12548685 path
386 0.138938239 path
390 0.127825397 path
395 0.17685438 path
403 0.175965939 path
404 0.173629516 path
408 0.117593911 path
409 0.110576828 path
411 0.110576828 path
428 0.202816743 path
431 0.106529833 path
441 0.78034978 path
442 0.104190204 path
473 0.170470068 path
479 0.170666954 path
485 0.160234642 path
486 0.146151602 path
487 0.234337967 path
488 0.25095416 path
489 0.149173627 path
491 0.224186959 path
493 0.179191012 path
495 0.202816743 path
496 0.112083346 path
504 0.194991171 path
506 0.205151953 path
507 0.293591621 path
508 2.88571135 path
512 0.406703545 path
513 0.162572026 path
538 0.32128247 path
541 0.66170405 path
542 0.157897089 path
544 0.240808823 path
547 0.283382809 path
548 0.240808823 path
549 0.536815801 path
550 0.515353749 path
555 0.101850397 path
556 0.255906784 path
557 0.133381115 path
559 1.17319402 path
560 1.65888579 path
561 1.95203935 path
563 1.367359 path
564 0.147662267 path
565 0.191762937 path
566 1.2492344 path
570 0.185574658 path
575 0.428734396 path
576 0.840069914 path
577 1.00458999 path
580 0.316010332 path
581 0.316010332 path
585 0.128904465 path
589 0.281050633 path
590 0.416162761 path
591 0.359176196 path
596 0.171292924 path
597 0.326862948 path
598 0.112083346 path
599 0.170866009 path
600 0.257007634 path
605 0.112083346 path
606 0.221768161 path
610 0.17685438 path
612 0.85597798 path
613 0.224186959 path
614 3.78111281 path
615 0.309629628 path
616 3.19730454 path
617 1.78537779 path
618 0.10740381 path
625 0.172180608 path
627 0.492902653 path
628 0.167442999 path
646 0.141475987 path
648 0.208381904 path
657 0.322814946 path
658 0.235238607 path
659 0.45155343 path
666 1.52121978 path
667 10.4157835 path
668 1.6864596 path
669 0.165795384 path
671 0.422358827 path
672 0.147861736 path
676 0.154675312 path
678 0.610438023 path
679 2.29070567 path
680 1.00937835 path
696 0.182417253 path
698 0.268865731 path
699 0.101850397 path
702 0.170666954 path
703 0.101421868 path
704 0.378240234 path
705 0.288958888 path
706 0.449407772 path
707 0.559405981 path
711 0.101850397 path
717 0.363969622 path
723 0.403777982 path
725 0.246287561 path
727 0.487299896 path
729 0.228235076 path
730 0.220331578 path
731 0.231383044 path
732 0.223480947 path
733 0.191335205 path
737 0.154675312 path
738 0.133381115 path
739 0.12548685 path
740 0.146779925 path
741 0.211613038 path
746 0.190246494 path
747 5.72166564 path
749 0.157048131 path
753 0.101850397 path
757 0.2690965 path
758 0.119977815 path
759 0.314473883 path
760 0.312344845 path
761 0.483429622 path
762 0.233911067 path
763 1.10897249 path
769 0.177676385 path
771 0.136599597 path
773 0.849611317 path
778 0.316621788 path
779 0.331523071 path
780 1.63865492 path
781 4.15737077 path
782 0.171292924 path
783 0.157897089 path
787 0.192582162 path
789 0.154675312 path
791 0.262097597 path
792 0.199039271 path
793 0.737291957 path
798 0.208576392 path
799 0.423510758 path
802 0.120809229 path
805 0.393535019 path
806 0.259340534 path
808 0.239286465 path
809 0.249101667 path
813 2.11839761 path
814 0.544541029 path
816 0.309326159 path
817 0.112083346 path
818 0.16813281 path
819 0.331523071 path
820 1.25037599 path
839 0.101850397 path
840 0.177251068 path
841 0.162969243 path
842 0.249101667 path
843 0.162969243 path
844 0.259340534 path
845 0.208773539 path
846 0.259340534 path
847 4.20323353 path
848 0.311042788 path
849 0.306159506 path
850 0.217773154 path
851 5.42623139 path
853 0.222666381 path
854 0.230344089 path
855 0.21476434 path
857 0.297670787 path
861 0.157269782 path
863 0.222666381 path
864 0.105897877 path
865 0.213245749 path
867 0.539675455 path
868 0.324720985 path
870 1.31104004 path
874 0.123148128 path
875 0.281050633 path
877 1.29782857 path
878 1.30532815 path
880 0.184753924 path
904 0.106529833 path
905 0.400146387 path
906 0.724721781 path
909 0.270811244 path
922 0.212429405 path
923 0.123148128 path
925 1.83942817 path
926 0.343483438 path
929 1.2492344 path
931 0.190246494 path
932 0.8613041 path
933 1.2492344 path
937 0.236050866 path
938 0.142986038 path
940 0.265238106 path
941 0.184753924 path
942 0.10740381 path
944 0.152337802 path
945 0.259340534 path
949 0.371138379 path
950 0.12870375 path
952 0.146779925 path
953 0.288958888 path
956 0.16813281 path
957 1.4237062 path
961 0.232904258 path
963 0.318153458 path
964 1.76662822 path
965 1.98596958 path
968 1.88365298 path
971 1.28251524 path
972 1.30532815 path
974 0.356847866 path
975 0.245477106 path
976 0.205151953 path
978 0.489622239 path
979 0.189426765 path
980 0.171292924 path
981 0.224186959 path
982 0.123148128 path
985 0.189426765 path
986 0.16813281 path
988 0.160234642 path
992 0.232904258 path
994 0.157897089 path
998 0.15872221 path
1000 0.236952443 path
1001 0.306995385 path
1004 0.203087995 path
1005 0.164282129 path
1009 0.117593911 path
1011 0.198145831 path
1014 0.11311804 path
1018 0.104190204 path
1019 0.267146907 path
1023 0.162572026 path
1024 0.225815073 path
1025 1.73105153 path
1026 0.28014016 path
1029 0.477136317 path
1030 0.203087995 path
1033 0.422734073 path
1035 0.950697076 path
1037 0.267570541 path
1040 0.152337802 path
1041 0.152337802 path
1042 0.330726723 path
1044 0.175965939 path
1051 0.876500975 path
1052 1.32322802 path
1053 0.182417253 path
1055 0.207137381 path
1056 0.230569748 path
1057 0.175965939 path
1058 0.146779925 path
1059 0.919676546 path
1060 0.101850397 path
1067 0.186863737 path
1069 0.771267236 path
1071 0.683874441 path
1072 1.67204888 path
1073 0.382314031 path
1075 0.227335498 path
1076 0.370325009 path
1079 0.15872221 path
1080 0.112916034 path
1081 0.784399811 path
1089 0.44399613 path
1090 0.192582162 path
1091 0.152337802 path
1092 0.230145269 path
1093 0.171292924 path
1094 0.165795384 path
1095 0.288958888 path
1097 0.442621375 path
1099 0.513207492 path
1100 0.138938239 path
1101 0.315091167 path
1102 0.299200393 path
1104 0.16813281 path
1106 0.187090428 path
1110 0.112916034 path
1112 0.310430661 path
1114 0.13104252 path
1116 0.13104252 path
1118 0.132952721 path
1125 0.150000121 path
1134 0.200481369 path
1139 0.179191012 path
1146 0.468146289 path
1147 0.431840873 path
1150 0.447863104 path
1153 0.262097597 path
1155 0.126364805 path
1160 0.150826512 path
1164 0.331523071 path
1165 0.296756548 path
1166 0.408429448 path
1173 0.128904465 path
1175 0.141276707 path
1181 0.493495074 path
1182 0.138938239 path
1187 0.117593911 path
1188 1.86637629 path
1190 0.422358827 path
1197 0.162572026 path
1199 0.850880591 path
1201 0.119977815 path
1202 0.715201125 path
1203 0.641773279 path
1206 0.388826232 path
1210 1.47385855 path
1211 0.112083346 path
1212 0.205151953 path
1213 0.45983851 path
1216 0.123598284 path
1217 1.87310467 path
1218 0.165106387 path
1219 1.45266868 path
1220 1.45266868 path
1221 0.133381115 path
1222 0.112083346 path
1223 0.235238607 path
1224 1.84806633 path
1229 0.104190204 path
1231 0.112083346 path
1232 0.205151953 path
1233 0.140221356 path
1235 0.294425346 path
1236 0.273143705 path
1247 0.468354516 path
1248 1.3322387 path
1249 0.266953591 path
1250 0.266953591 path
1252 0.266953591 path
1254 0.10740381 path
1255 0.109743667 path
1256 0.14532424 path
1258 0.149173627 path
1259 0.149173627 path
1260 0.606383203 path
1261 0.376121594 path
1262 0.123148128 path
1263 0.123148128 path
1264 0.896144377 path
1266 1.35460097 path
1267 0.225001021 path
1270 0.109743667 path
1271 0.266953591 path
1272 0.266953591 path
1274 0.192582162 path
1275 0.367274888 path
1276 0.386035209 path
1278 0.682129299 path
1280 0.189426765 path
1281 0.189426765 path
1282 0.285714833 path
1283 0.163396162 path
1284 0.515353749 path
1285 0.582634855 path
1287 0.288046704 path
1293 0.539309716 path
1294 0.700322382 path
1299 0.242431838 path
1302 0.157269782 path
1306 0.116130901 path
1307 0.368203171 path
1311 0.139766496 path
1313 0.234337967 path
1314 0.362250461 path
1315 0.241620325 path
1316 0.228235076 path
1323 0.115255061 path
1324 0.127825397 path
1337 0.164480832 path
1339 0.234813161 path
1342 0.127825397 path
1349 0.128275876 path
1350 0.154675312 path
1353 0.232904258 path
1354 0.173629516 path
1372 0.932217949 path
1373 0.144442288 path
1374 1.62506641 path
1376 0.320061196 path
1378 0.213948484 path
1379 0.172378682 path
1380 0.883414813 path
1381 1.67634076 path
1382 0.209198527 path
1385 0.138938239 path
1387 0.193474255 path
1388 0.173003603 path
1390 0.170041958 path
1395 0.452931498 path
1396 0.836413831 path
1397 0.447504962 path
1400 0.464302674 path
1401 0.502191198 path
1402 0.464302674 path
1403 0.502191198 path
1410 0.181723812 path
1411 0.100345309 path
1412 0.165993131 path
1413 0.330302866 path
1415 0.338088367 path
1416 0.105024163 path
1418 0.180902143 path
1421 3.29656529 path
1422 0.297249701 path
1424 0.322202229 path
1425 0.568101322 path
1430 0.429515767 path
1431 0.243954023 path
1432 0.126364805 path
1435 0.17685438 path
1438 0.373283835 path
1440 0.134210163 path
1441 0.14532424 path
1442 0.135090003 path
1443 0.161059272 path
1444 0.235238607 path
1447 0.288535799 path
1449 0.549388934 path
1456 0.209198527 path
1458 0.328772172 path
1463 0.139766496 path
1465 0.293007572 path
1466 3.87904081 path
1467 0.115255061 path
1468 0.156384975 path
1470 0.223480947 path
1473 0.184059659 path
1474 1.69712582 path
1475 0.356847866 path
1477 0.288958888 path
1478 0.288958888 path
1482 0.12548685 path
1483 0.21709911 path
1484 0.192428392 path
1485 0.172378682 path
1491 0.463352008 path
1492 0.187485032 path
1493 0.213308133 path
1494 0.21352247 path
1498 0.187090428 path
1503 0.423322992 path
1505 0.166619232 path
1507 0.418861891 path
1510 0.184059659 path
1515 0.105897877 path
1516 0.408847903 path
1524 0.11077918 path
1525 0.382314031 path
1527 0.677331752 path
1528 2.67874391 path
1529 0.383103742 path
1531 0.380776508 path
1532 0.193474255 path
1533 1.28640812 path
1534 0.17685438 path
1548 0.338088367 path
1550 0.101850397 path
1561 0.107606183 path
1563 0.136599597 path
1565 0.154675312 path
1567 0.30324902 path
1568 0.117593911 path
1570 0.228235076 path
1571 0.325330791 path
1577 0.137428338 path
1578 0.381987067 path
1579 0.282578533 path
1581 0.123148128 path
1582 1.72818443 path
1587 0.119977815 path
1588 0.239906825 path
1589 0.299200393 path
1591 0.467224859 path
1592 0.23200397 path
1598 0.559430613 path
1599 0.184753924 path
1600 0.206863626 path
1601 0.335571318 path
1602 0.129533759 path
1603 0.191762937 path
1604 0.562890633 path
1606 1.34499097 path
1609 0.243335079 path
1613 0.149372223 path
1614 0.322391169 path
1617 0.119977815 path
1621 2.33924154 path
1636 0.113791468 path
1637 1.378072 path
1638 0.111451856 path
1639 0.305554958 path
1641 0.246967168 path
1644 0.308712239 path
1646 0.287430821 path
1649 0.172180608 path
1650 0.126364805 path
1652 0.206863626 path
1654 0.368203171 path
1656 0.115255061 path
1662 0.328929219 path
1673 1.43190845 path
1674 0.101850397 path
1683 0.211613038 path
1684 1.32996167 path
1698 0.209198527 path
1699 0.336182607 path
1704 0.209198527 path
1706 0.115255061 path
1710 0.514169451 path
1714 0.101850397 path
1715 0.269976287 path
1716 0.177676385 path
1717 0.174517579 path
1719 0.681562011 path
1721 0.144442288 path
1722 0.123148128 path
1723 0.123148128 path
1724 0.115255061 path
1725 0.115255061 path
1726 0.115255061 path
1727 0.115255061 path
1728 0.135919107 path
1746 2.91305116 path
1748 0.112083346 path
1749 1.06898939 path
1750 0.478424105 path
1751 0.195810126 path
1755 0.497370173 path
1760 0.336182607 path
1763 0.117593911 path
1768 0.141276707 path
1769 0.149173627 path
1771 0.117593911 path
1774 0.323191001 path
1779 0.50392248 path
1781 1.47099911 path
1790 0.697269507 path
1792 0.409786201 path
1793 0.243143044 path
1794 0.318952204 path
1796 0.512033892 path
1797 0.330726723 path
1802 0.165795384 path
1804 0.117593911 path
1808 0.272337603 path
1809 0.542394013 path
1811 0.221342284 path
1812 0.478974968 path
1813 0.149372223 path
1814 0.157897089 path
1816 0.202816743 path
1817 0.202816743 path
1818 0.171292924 path
1825 2.03009097 path
1827 0.224186959 path
1828 0.208381904 path
1829 0.189426765 path
1830 0.144442288 path
1831 0.36862701 path
1832 0.272337603 path
1833 0.272337603 path
1834 0.285714833 path
1835 0.256525165 path
1836 0.347348028 path
1837 0.256525165 path
1838 0.270004608 path
1839 0.237572795 path
1840 0.25095416 path
1841 0.328396178 path
1842 0.237572795 path
1843 0.206046493 path
1844 0.283382809 path
1845 0.192582162 path
1846 0.192582162 path
1847 0.323612587 path
1848 0.286626687 path
1849 0.267570541 path
1850 0.222666381 path
1851 0.510709996 path
1852 0.337291416 path
1853 0.443631591 path
1854 0.377331644 path
1855 0.244857324 path
1856 0.175965939 path
1857 0.408847903 path
1858 0.322814946 path
1865 0.160234642 path
1872 1.88173872 path
1873 0.821841942 path
1874 0.154047566 path
1875 0.189199277 path
1877 0.204104394 path
1878 0.101850397 path
1879 0.63210287 path
1880 0.18001252 path
1881 0.211613038 path
1882 1.2492344 path
1883 0.342559222 path
1893 1.5819847 path
1896 0.166619232 path
1898 1.35622091 path
1899 0.241620325 path
1901 0.363224959 path
1903 0.110149108 path
1904 0.112083346 path
1914 0.124856647 path
1917 0.441080418 path
1918 0.389902436 path
1919 0.253153089 path
1921 0.386787748 path
1923 0.242010201 path
1924 0.36862701 path
1925 0.147034286 path
1926 0.318952204 path
1929 0.284187148 path
1930 0.236050866 path
1936 0.114624163 path
1937 2.18336641 path
1939 1.09802702 path
1941 0.16813281 path
1942 0.152337802 path
1943 0.119977815 path
1945 0.104190204 path
1946 0.152337802 path
1952 0.167442999 path
1954 0.24952494 path
1955 0.225001021 path
1956 0.242431838 path
1958 0.288235024 path
1959 0.106529833 path
1960 0.138938239 path
1961 0.711315059 path
1962 0.119977815 path
1964 0.105024163 path
1965 0.45155343 path
1970 0.11311804 path
1971 0.119549056 path
1972 0.124227129 path
1974 1.08653876 path
1975 0.561159262 path
1977 0.313373185 path
1978 0.315822492 path
1979 0.322202229 path
1980 0.476873459 path
1982 0.313373185 path
1983 0.461978707 path
1987 0.16813281 path
1995 0.341342211 path
1996 0.156384975 path
1998 0.123148128 path
2001 0.148489145 path
2003 0.468175516 path
2004 0.435110275 path
2010 0.430459651 path
2013 0.186663493 path
2014 0.100345309 path
2015 0.236952443 path
2017 0.326836709 path
2019 0.73903425 path
2020 0.114624163 path
2027 0.312952281 path
2028 0.22305799 path
2030 0.103543566 path
2031 0.13104252 path
2032 0.248398407 path
2036 0.185574658 path
2045 0.156384975 path
2049 0.231775058 path
2053 0.153621865 path
2054 0.232677666 path
2056 0.321255303 path
2057 1.14491516 path
2059 0.132952721 path
2060 0.109315145 path
2061 0.148947064 path
2078 0.337900767 path
2079 0.21476434 path
2080 0.202816743 path
2081 0.448281801 path
2082 0.166619232 path
2083 0.866077729 path
2086 0.240808823 path
2087 0.133381115 path
2089 0.322814946 path
2091 0.106529833 path
2092 0.16813281 path
2093 0.154675312 path
2097 2.13523113 path
2100 1.9134021 path
2101 0.317235149 path
2102 0.497370173 path
2110 0.207955471 path
2112 0.57563411 path
2121 0.112083346 path
2127 0.109743667 path
2137 0.302333388 path
2138 0.168956163 path
2144 0.116963125 path
2146 0.277191758 path
2148 0.804744548 path
2149 0.73514513 path
2154 0.116963125 path
2157 0.110576828 path
2159 0.610515014 path
2161 0.16813281 path
2165 1.38055876 path
2166 1.49115738 path
2176 0.119549056 path
2177 0.316621788 path
2178 0.106529833 path
2180 0.101850397 path
2182 0.124025683 path
2184 0.215661477 path
2189 1.66092976 path
2190 0.858999803 path
2191 0.366298387 path
2202 0.133381115 path
2204 0.213948484 path
2211 0.131872049 path
2221 0.439161847 path
2222 0.181527476 path
2226 1.50287103 path
2229 0.371138379 path
2235 0.14532424 path
2239 0.126364805 path
2249 0.154675312 path
2251 0.322814946 path
2253 1.43190845 path
2256 0.499098465 path
2259 0.139766496 path
2260 0.287010298 path
2261 0.296333591 path
2262 0.288731557 path
2264 0.118470154 path
2265 0.118470154 path
2266 0.137428338 path
2267 0.300002164 path
2277 0.101850397 path
2283 0.266763687 path
2289 0.296756548 path
2290 0.125937174 path
2295 0.142104479 path
2300 0.499693104 path
2303 0.339620627 path
2304 0.176228943 path
2305 1.31675358 path
2307 0.116130901 path
2308 0.707058754 path
2312 0.340230068 path
2313 0.18791066 path
2314 0.123148128 path
2317 0.161059272 path
2318 0.16813281 path
2319 0.111451856 path
2320 0.277191758 path
2325 0.249101667 path
2328 0.630550607 path
2333 0.195384525 path
2335 0.208773539 path
2337 0.153221468 path
2342 0.385247269 path
2343 0.162969243 path
2349 0.160234642 path
2351 0.354519391 path
2352 0.21799661 path
2353 0.328396178 path
2354 0.24862094 path
2357 0.190246494 path
2358 0.165106387 path
2359 0.618553623 path
2360 0.345018297 path
2361 1.31721648 path
2362 1.13390532 path
2363 0.21799661 path
2364 0.123148128 path
2366 40.6124556 goproc
2367 0.154675312 goproc
2369 0.104190204 goproc
2377 0.13104252 goproc
2380 0.162572026 goproc
2399 2.27190425 goproc
2400 0.185574658 goproc
2403 0.602504357 goproc
2406 0.148266311 goproc
2408 0.446319745 goproc
2413 0.13104252 goproc
2415 0.551475166 goproc
2416 0.330911971 goproc
2423 0.162572026 goproc
2425 0.106529833 goproc
2478 0.144442288 goproc
2484 0.154675312 goproc
2485 0.181723812 goproc
2486 0.436837055 goproc
2491 0.101850397 goproc
2499 0.348328221 goproc
2528 1.34883653 goproc
2529 0.245477106 goproc
2530 0.536022233 goproc
2540 0.174517579 goproc
2541 1.04423283 goproc
2542 0.445956761 goproc
2556 0.170041958 goproc
2560 0.430117334 goproc
2561 0.288958888 goproc
2562 0.54859058 goproc
2572 0.870848717 goproc
2573 0.546861482 goproc
2574 0.136599597 goproc
2575 0.283382809 goproc
2576 0.315822492 goproc
2577 0.445956761 goproc
2581 0.15872221 goproc
2582 1.1519816 goproc
2584 0.105024163 goproc
2594 1.57810821 goproc
2599 0.288958888 goproc
2600 0.423744275 goproc
2601 0.187090428 goproc
2609 0.202816743 goproc
2612 0.141475987 goproc
2613 0.502015913 goproc
2618 0.774596246 goproc
2623 0.104190204 goproc
2625 0.211613038 goproc
2626 0.12548685 goproc
2633 0.285714833 goproc
2649 0.172180608 goproc
2650 0.107606183 goproc
2652 1.02477738 goproc
2653 0.146779925 goproc
2663 0.181527476 goproc
2667 0.324532663 goproc
2673 0.7592659 goproc
2678 0.112083346 goproc
2687 0.679645875 goproc
2688 0.185574658 goproc
2689 0.229669814 goproc
2691 0.208381904 goproc
2692 0.230569748 goproc
2697 0.115255061 goproc
2707 0.210094304 goproc
2708 0.156584301 goproc
2709 1.11498149 goproc
2710 0.126364805 goproc
2712 0.203710919 goproc
2713 0.345204007 goproc
2715 0.329193083 goproc
2716 0.115255061 goproc
2717 0.104190204 goproc
2718 0.117593911 goproc
2719 0.840464847 goproc
2723 0.10740381 goproc
2728 0.349677615 goproc
2733 0.210717151 goproc
2739 0.512265197 goproc
2740 0.230569748 goproc
2754 0.317235149 goproc
2764 0.202816743 goproc
2765 0.427011262 goproc
2766 0.123148128 goproc
2780 0.24862094 goproc
2781 0.352007059 goproc
2782 0.454654877 goproc
2783 0.181527476 goproc
2784 0.117593911 goproc
2792 0.216283767 goproc
2799 0.525601815 goproc
2803 0.227335498 goproc
2825 0.114826924 goproc
2842 0.221768161 goproc
2843 0.17685438 goproc
2851 0.338824362 goproc
2854 0.139747539 goproc
2858 0.133381115 goproc
2871 0.13104252 goproc
2891 0.106529833 goproc
2894 0.106529833 goproc
2910 0.106529833 goproc
2918 0.292093992 goproc
2928 0.123148128 goproc
2943 0.105024163 goproc
2947 0.119977815 goproc
2986 0.157897089 goproc
3022 0.182417253 goproc
3062 0.117593911 goproc
3116 0.136599597 goproc
3140 0.364761097 goproc
3149 0.408847903 goproc
3150 0.299200393 goproc
3175 0.239906825 goproc
3201 0.36536983 goproc
3202 0.141276707 goproc
3204 0.274053172 goproc
3207 0.112083346 goproc
3209 0.194991171 goproc
3211 0.119977815 goproc
3225 0.395491749 goproc
3226 0.160234642 goproc
3228 0.141276707 goproc
3229 0.165795384 goproc
3238 0.154675312 goproc
3239 0.13104252 goproc
3241 0.266763687 goproc
3249 0.160234642 goproc
3254 0.16813281 goproc
3255 0.119977815 goproc
3267 0.119977815 goproc
3273 0.104190204 goproc
3280 0.259764318 goproc
3283 0.106529833 goproc
3285 0.154675312 goproc
3299 0.112083346 goproc
3306 0.328396178 goproc
3311 0.165795384 goproc
3324 0.181527476 goproc
3331 0.152337802 goproc
3337 0.141276707 goproc
3348 0.310622536 goproc
3350 0.232904258 goproc
3351 0.229669814 goproc
3353 0.104190204 goproc
3368 0.117593911 goproc
3371 0.5509105 goproc
3380 0.157897089 goproc
3407 0.127825397 goproc
3410 0.483843405 goproc
3411 0.449228258 goproc
3412 0.350470948 goproc
3415 0.477471484 goproc
3418 0.253382746 goproc
3422 0.104190204 goproc
3424 0.117593911 goproc
3426 0.152337802 goproc
3428 0.106529833 goproc
3429 0.183863774 goproc
3430 0.408847903 goproc
3431 0.106529833 goproc
3432 0.146779925 goproc
3433 0.171292924 goproc
3497 0.285290553 goproc
3499 0.154675312 goproc
3502 0.221768161 goproc
3504 0.116130901 goproc
3510 0.73671923 goproc
3512 0.12548685 goproc
3513 0.129533759 goproc
3515 0.101850397 goproc
3517 0.348141924 goproc
3521 0.378870954 goproc
3523 0.347533077 goproc
3524 0.191138216 goproc
3526 0.166619232 goproc
3532 0.119977815 goproc
3534 0.326236744 goproc
3537 0.187090428 goproc
3538 0.75832059 goproc
3540 0.115255061 goproc
3541 0.247169056 goproc
3545 0.376498544 goproc
3547 1.52646161 goproc
3554 0.836869122 goproc
3575 0.126364805 goproc
3576 0.113791468 goproc
3585 0.110560124 goproc
3590 0.383527253 goproc
3614 0.169620174 goproc
3618 1.67831939 goproc
3619 0.219710603 goproc
3631 0.210290276 goproc
3632 0.378263469 goproc
3633 0.340970107 goproc
3637 0.280434893 goproc
3638 0.165795384 goproc
3642 0.381199172 goproc
3644 0.709452548 goproc
3645 0.161059272 goproc
3647 0.157269782 goproc
3648 0.101850397 goproc
3652 0.144442288 goproc
3664 0.189426765 goproc
3669 0.12870375 goproc
3682 0.141276707 goproc
3708 0.160234642 goproc
3718 0.183238486 goproc
3719 0.49058019 goproc
3736 0.382694507 goproc
3737 0.374397682 goproc
3738 0.146151602 goproc
3739 0.35372607 goproc
3740 0.13104252 goproc
3745 0.251858507 goproc
3748 0.106731826 goproc
3760 0.26614585 goproc
3763 0.144442288 goproc
3779 0.126364805 goproc
3785 0.182417253 goproc
3786 0.352799827 goproc
3787 0.139766496 goproc
3802 0.119977815 goproc
3804 0.138938239 goproc
3806 0.12548685 goproc
3811 0.210717151 goproc
3814 0.109743667 goproc
3817 0.141276707 goproc
3832 0.162572026 goproc
3833 0.26443072 goproc
3842 0.157897089 goproc
3843 0.181991071 goproc
3846 0.200481369 goproc
3848 0.470677878 goproc
3849 0.285714833 goproc
3850 0.32625202 goproc
3851 0.404194688 goproc
3852 0.477647167 goproc
3855 0.236050866 goproc
3858 0.202816743 goproc
3861 0.136599597 goproc
3863 0.209198527 goproc
3865 0.216283767 goproc
3879 0.346607352 goproc
3881 0.755660037 goproc
3884 0.152337802 goproc
3885 0.635405619 goproc
3887 0.25095416 goproc
3888 0.227335498 goproc
3889 0.192582162 goproc
3890 0.117593911 goproc
3891 0.312951413 goproc
3893 0.358758512 goproc
3894 0.117839629 goproc
3895 0.142986038 goproc
3900 0.292068551 goproc
3901 0.45638049 goproc
3908 0.352190768 goproc
3909 0.112083346 goproc
3910 0.147662267 goproc
3911 0.271617928 goproc
3912 0.132529266 goproc
3913 0.801336848 goproc
3914 0.3317095 goproc
3923 0.600012597 goproc
3924 0.109743667 goproc
3927 0.23200397 goproc
3930 0.318340678 goproc
3931 0.270811244 goproc
3932 1.08756759 goproc
3933 0.687982525 goproc
3934 0.322814946 goproc
3935 0.23200397 goproc
3936 0.442686584 goproc
3937 0.282767027 goproc
3939 0.176228943 goproc
3943 0.737463366 goproc
3944 0.187090428 goproc
3946 0.727200443 goproc
3955 0.161059272 goproc
3956 0.163396162 goproc
3959 0.163396162 goproc
3960 0.461978707 goproc
3961 0.106529833 goproc
3963 0.144442288 goproc
3964 0.5671242 goproc
3966 0.362619693 goproc
3968 0.227528887 goproc
3973 0.153221468 goproc
3975 0.24952494 goproc
3976 0.206439055 goproc
3977 0.258858259 goproc
3978 0.10355813 goproc
3981 0.17685438 goproc
3983 0.502015913 goproc
3984 0.179191012 goproc
3985 0.243143044 goproc
3993 0.111654608 goproc
3995 0.152337802 goproc
4009 0.129533759 goproc
4012 0.187090428 goproc
4014 0.142104479 goproc
4021 0.24862094 goproc
4022 0.110576828 goproc
4028 0.574450976 goproc
4030 0.16833013 goproc
4032 0.150826512 goproc
4033 0.466808035 goproc
4035 0.247191213 goproc
4036 0.122517822 goproc
4037 1.42276345 goproc
4038 0.559790329 goproc
4041 0.506243927 goproc
4044 0.285099002 goproc
4049 0.683699905 goproc
4051 0.127825397 goproc
4056 0.104392545 goproc
4057 0.275052362 goproc
4058 0.227335498 goproc
4059 0.104190204 goproc
4061 0.12870375 goproc
4067 0.124227129 goproc
4069 0.396799667 goproc
4075 0.123148128 goproc
4077 0.225001021 goproc
4078 0.216283767 goproc
4082 0.758700969 goproc
4086 0.876011419 goproc
4089 0.413080328 goproc
4091 0.577778007 goproc
4095 0.144696171 goproc
4097 0.488489408 goproc
4099 0.150000121 goproc
4100 0.136171733 goproc
4101 0.334962054 goproc
4103 0.574671455 goproc
4104 1.05110949 goproc
4107 0.192582162 goproc
4108 0.110576828 goproc
4109 0.634824337 goproc
4111 0.259764318 goproc
4112 0.400361922 goproc
4114 0.289952897 goproc
4119 0.224186959 goproc
4124 0.181723812 goproc
4135 0.853032686 goproc
4136 0.118470154 goproc
4142 0.304664461 goproc
4144 0.949350269 goproc
4148 0.241620325 goproc
4150 0.513207492 goproc
4151 0.754991504 goproc
4154 0.203087995 goproc
4155 0.914364933 goproc
4157 1.58342022 goproc
4158 0.240808823 goproc
4164 0.221768161 goproc
4166 0.170470068 goproc
4169 0.283382809 goproc
4174 1.5425589 goproc
4177 0.835291476 goproc
4179 0.308712239 goproc
4180 0.227335498 goproc
4184 0.448281801 goproc
4190 0.199235633 goproc
4193 1.13534985 goproc
4194 0.654343119 goproc
4195 0.283382809 goproc
4198 0.111451856 goproc
4199 0.73007952 goproc
4200 0.112083346 goproc
4201 0.112083346 goproc
4203 2.8516747 goproc
4204 0.219433717 goproc
4205 0.191762937 goproc
4207 1.75871195 goproc
4211 0.540866594 goproc
4212 0.40497968 goproc
4213 0.465078869 goproc
4221 0.54859058 goproc
4224 0.595376816 goproc
4225 0.376542598 goproc
4232 0.302333388 goproc
4233 0.195810126 goproc
4234 0.10740381 goproc
4238 0.200481369 goproc
4249 0.193474255 goproc
4251 0.77865529 goproc
4255 0.10740381 goproc
4256 0.225815073 goproc
4257 0.913156359 goproc
4258 0.16813281 goproc
4260 0.120809229 goproc
4261 0.14532424 goproc
4262 0.119977815 goproc
4264 0.58668679 goproc
4265 0.127195292 goproc
4269 0.485939038 goproc
4270 1.73830531 goproc
4271 1.81826782 goproc
4272 0.270194945 goproc
4276 0.162572026 goproc
4277 0.18001252 goproc
4281 0.229669814 goproc
4283 0.513031933 goproc
4288 0.357360977 goproc
4289 0.124025683 goproc
4292 0.16813281 goproc
4294 0.35372607 goproc
4295 0.388362286 goproc
4296 0.48092467 goproc
4298 0.623005574 goproc
4299 0.120809229 goproc
4300 0.288046704 goproc
4311 0.292093992 goproc
4315 0.250335184 goproc
4319 0.10740381 goproc
4329 0.603895239 goproc
4340 0.205151953 goproc
4381 0.170470068 goproc
4394 0.302521967 goproc
4407 0.291290936 goproc
4414 0.287430821 goproc
4415 0.183238486 goproc
4416 2.22797932 goproc
4417 0.188802008 goproc
4447 0.272527376 goproc
4448 0.407459381 goproc
4449 0.589179987 goproc
4450 0.175538308 goproc
4456 0.479970001 goproc
4458 0.127825397 goproc
4463 0.117593911 goproc
4464 0.104190204 goproc
4465 0.756391047 goproc
4468 0.342559222 goproc
4469 0.133381115 goproc
4471 0.447681161 goproc
4474 0.173003603 goproc
4480 0.684273826 goproc
4491 0.232904258 goproc
4492 0.835291476 goproc
4504 0.27424492 goproc
4505 0.424685111 goproc
4506 0.190246494 goproc
4517 0.117593911 goproc
4522 0.240808823 goproc
4526 0.224186959 goproc
4529 0.119977815 goproc
4530 0.232904258 goproc
4544 0.274670445 goproc
4550 0.17534008 goproc
4552 0.104190204 goproc
4559 0.203710919 goproc
4562 0.104190204 goproc
4565 0.115255061 goproc
4569 0.270004608 goproc
4572 0.138938239 goproc
4585 0.187090428 goproc
4589 1.02531407 goproc
4590 0.654120128 goproc
4591 0.101850397 goproc
4599 0.1455241 goproc
4600 0.176228943 goproc
4616 0.119977815 goproc
4626 0.119977815 goproc
4628 0.203710919 goproc
4634 0.225001021 goproc
4637 0.513992768 goproc
4638 0.105024163 goproc
4652 2.96182859 goproc
4653 1.54727226 goproc
4657 0.161944854 goproc
4693 0.404194688 goproc
4694 0.164282129 goproc
4704 0.152337802 goproc
4709 0.150000121 goproc
4729 0.202816743 goproc
4741 0.161059272 goproc
4743 0.115255061 goproc
4749 0.152337802 goproc
4758 0.17685438 goproc
4775 0.243143044 goproc
4778 0.139766496 goproc
4781 0.438980858 goproc
4782 0.104190204 goproc
4787 0.17685438 goproc
4793 0.179191012 goproc
4794 0.119977815 goproc
4799 0.112083346 goproc
4825 0.16813281 goproc
4829 0.161944854 goproc
4834 0.141475987 goproc
4847 0.166619232 goproc
4849 0.21476434 goproc
4850 0.371326021 goproc
4851 0.349861997 goproc
4861 0.144442288 goproc
4866 0.165795384 goproc
4867 0.171292924 goproc
4871 0.160234642 goproc
4881 0.10740381 goproc
4882 0.175965939 goproc
4909 0.268478626 goproc
4911 0.123148128 goproc
4912 0.618951567 goproc
4913 0.415222551 goproc
4915 0.162572026 goproc
4933 0.141276707 goproc
4940 0.544541029 goproc
4941 0.146779925 goproc
4966 0.119977815 goproc
4970 0.112083346 goproc
4973 0.152337802 goproc
4985 0.152337802 goproc
4988 0.217994096 goproc
4990 0.154675312 goproc
4996 0.12548685 goproc
5002 0.139766496 goproc
5009 0.118470154 goproc
5056 0.120809229 goproc
5106 0.141276707 goproc
5139 0.158095501 goproc
5146 0.456752264 goproc
5149 0.25095416 goproc
5158 0.126364805 goproc
5171 0.200481369 goproc
5183 0.621624152 goproc
5186 0.106529833 goproc
5189 0.21709911 goproc
5193 0.156384975 goproc
5196 0.152337802 goproc
5198 0.106529833 goproc
5199 0.127825397 goproc
5204 0.112083346 goproc
5209 0.343065544 goproc
5214 0.12548685 goproc
5220 0.241620325 goproc
5223 0.138938239 goproc
5226 0.720084748 goproc
5230 0.568502239 goproc
5233 0.50779539 goproc
5235 0.198145831 goproc
5240 0.205151953 goproc
5244 0.127825397 goproc
5255 0.160432639 goproc
5260 0.163396162 goproc
5268 0.252050729 goproc
5273 0.127825397 goproc
5298 0.439540734 goproc
5300 0.37346602 goproc
5301 0.965487961 goproc
5308 0.227335498 goproc
5327 0.110576828 goproc
5376 0.135090003 goproc
5379 0.776346322 goproc
5381 0.112916034 goproc
5382 0.162572026 goproc
5383 0.147662267 goproc
5384 0.194991171 goproc
5386 0.345812754 goproc
5413 0.106529833 goproc
5418 0.104190204 goproc
5430 0.160234642 goproc
5432 0.202816743 goproc
5452 0.152337802 goproc
5479 0.410570491 goproc
5507 0.198145831 goproc
5511 0.153221468 goproc
5523 0.262097597 goproc
5530 0.162572026 goproc
5533 0.144442288 goproc
5541 0.127825397 goproc
5549 0.12870375 goproc
5556 0.252668227 goproc
5559 0.138938239 goproc
5577 0.12870375 goproc
5632 0.189426765 goproc
5639 0.445356325 goproc
5644 0.229669814 goproc
5656 0.162572026 goproc
5659 0.149173627 goproc
5669 0.160234642 goproc
5677 0.119977815 goproc
5682 0.162572026 goproc
5704 0.109743667 goproc
5712 0.38431457 goproc
5727 0.133381115 goproc
5728 0.23200397 goproc
5738 0.359921283 goproc
5742 0.620517704 goproc
5751 0.444409893 goproc
5753 0.152337802 goproc
5754 0.144442288 goproc
5761 0.112916034 goproc
5767 0.12548685 goproc
5781 0.130412803 goproc
5784 0.343483438 goproc
5785 0.171292924 goproc
5786 0.216283767 goproc
5796 0.144442288 goproc
5801 0.127195292 goproc
5807 0.860759884 goproc
5809 0.183238486 goproc
5814 0.138938239 goproc
5815 0.12548685 goproc
5818 0.257430882 goproc
5820 0.228235076 goproc
5822 0.535258054 goproc
5824 0.198145831 goproc
5826 0.147662267 goproc
5829 0.173629516 goproc
5830 0.10205308 goproc
5833 0.481507956 goproc
5834 0.349067557 goproc
5837 0.346607352 goproc
5838 0.157897089 goproc
5840 0.288235024 goproc
5841 0.13104252 goproc
5842 0.350470948 goproc
5844 0.370724798 goproc
5845 0.714464855 goproc
5848 0.104190204 goproc
5849 0.10740381 goproc
5851 0.829812242 goproc
5852 0.670222592 goproc
5853 0.119977815 goproc
5856 0.162572026 goproc
5859 0.120809229 goproc
5863 0.112083346 goproc
5867 0.101850397 goproc
5868 0.410570491 goproc
5869 0.387574922 goproc
5870 0.396277822 goproc
5872 0.157897089 goproc
5877 0.232904258 goproc
5879 0.12548685 goproc
5880 0.123148128 goproc
5893 0.229669814 goproc
5894 0.520958555 goproc
5895 0.154675312 goproc
5897 0.288046704 goproc
5899 0.35856896 goproc
5900 0.395861126 goproc
5903 0.305580418 goproc
5904 0.108440133 goproc
5905 0.272337603 goproc
5906 0.104190204 goproc
5909 0.833542534 goproc
5910 0.330726723 goproc
5911 0.419092119 goproc
5914 0.144442288 goproc
5915 0.402051516 goproc
5916 1.01663478 goproc
5917 0.287816471 goproc
5919 0.112083346 goproc
5935 0.179191012 goproc
5936 0.400931296 goproc
5937 0.152337802 goproc
5939 0.712152051 goproc
5941 0.238384534 goproc
5942 0.165367973 goproc
5943 0.315822492 goproc
5944 0.147034286 goproc
5950 0.172180608 goproc
5951 0.299200393 goproc
5953 0.295954578 goproc
5954 0.119977815 goproc
5956 0.127195292 goproc
5965 0.191762937 goproc
5966 0.183863774 goproc
5975 0.182417253 goproc
5984 0.13104252 goproc
5987 0.160632673 goproc
5989 0.146779925 goproc
5996 0.370955492 goproc
6001 0.136599597 goproc
6002 0.369417348 goproc
6003 0.348141924 goproc
6004 0.190246494 goproc
6005 0.224186959 goproc
6006 0.104190204 goproc
6009 0.149173627 goproc
6019 0.135919107 goproc
6024 0.272337603 goproc
6025 0.119977815 goproc
6026 0.144442288 goproc
6043 0.347348028 goproc
6044 0.138938239 goproc
6050 0.251858507 goproc
6052 0.115255061 goproc
6061 0.211613038 goproc
6066 0.207759036 goproc
6072 0.106529833 goproc
6080 0.501600901 goproc
6083 0.147662267 goproc
6095 0.101850397 goproc
6098 0.142986038 goproc
6100 0.119301905 goproc
6101 0.221146656 goproc
6115 0.359176196 goproc
6116 0.32625202 goproc
6134 0.116130901 goproc
6138 0.216477574 goproc
6143 0.117593911 goproc
6155 0.305580418 goproc
6160 0.12870375 goproc
6161 0.154675312 goproc
6163 0.155559365 goproc
6164 0.133381115 goproc
6165 0.144442288 goproc
6167 0.626887286 goproc
6168 0.337900767 goproc
6172 0.241620325 goproc
6176 0.318952204 goproc
6190 0.12548685 goproc
6191 0.126364805 goproc
6200 0.12870375 goproc
6201 0.148489145 goproc
6208 0.391623792 goproc
6210 0.16813281 goproc
6228 0.303438728 goproc
6230 0.392411219 goproc
6231 0.221768161 goproc
6238 0.241620325 goproc
6239 0.190246494 goproc
6251 0.136599597 goproc
6255 0.150826512 goproc
6274 0.196629036 goproc
6277 0.106529833 goproc
6284 0.170470068 goproc
6286 0.119977815 goproc
6297 0.208381904 goproc
6298 0.274670445 goproc
6306 0.671706761 goproc
6311 0.112083346 goproc
6328 0.28014016 goproc
6344 0.238384534 goproc
6346 0.182417253 goproc
6356 0.212429405 goproc
6358 0.173629516 goproc
6365 0.13104252 goproc
6366 0.120809229 goproc
6377 0.119977815 goproc
6378 0.183863774 goproc
6379 0.848023281 goproc
6383 0.181527476 goproc
6386 0.279523711 goproc
6393 0.229048887 goproc
6401 0.150826512 goproc
6433 0.238384534 goproc
6435 0.126364805 goproc
6436 0.150000121 goproc
6440 0.116130901 goproc
6445 0.133581073 goproc
6447 0.237764992 goproc
6448 0.30324902 goproc
6452 0.206046493 goproc
6453 0.286626687 goproc
6454 0.390084567 goproc
6456 0.346607352 goproc
6458 0.268478626 goproc
6459 0.385247269 goproc
6463 0.118470154 goproc
6465 0.273143705 goproc
6469 0.203710919 goproc
6471 0.516491434 goproc
6472 0.38138063 goproc
6474 0.660134449 goproc
6484 0.198145831 goproc
6501 0.149173627 goproc
6516 0.12548685 goproc
6519 0.479970001 goproc
6520 0.598449872 goproc
6530 0.140848283 goproc
6549 0.233097484 goproc
6550 0.208381904 goproc
6556 0.200481369 goproc
6571 0.227335498 goproc
6580 0.534292733 goproc
6610 0.374214103 goproc
6626 0.529060635 goproc
6634 0.133381115 goproc
6641 0.274670445 goproc
6643 0.112083346 goproc
6644 0.115255061 goproc
6646 0.24566861 goproc
6672 0.197327382 goproc
6675 0.24862094 goproc
6680 0.224186959 goproc
6703 0.146779925 goproc
6705 0.101850397 goproc
6712 0.133381115 goproc
6713 0.211613038 goproc
6727 0.200481369 goproc
6734 0.124856647 goproc
6737 0.210717151 goproc
6742 0.175965939 goproc
6743 0.670222592 goproc
6746 0.117593911 goproc
6749 0.117593911 goproc
6752 0.117593911 goproc
6753 0.117593911 goproc
6756 0.119977815 goproc
6769 0.119977815 goproc
6772 0.316621788 goproc
6773 0.154675312 goproc
6783 0.101850397 goproc
6815 0.114624163 goproc
6820 0.104190204 goproc
6824 0.56791843 goproc
6836 0.127195292 goproc
6847 0.146779925 goproc
6851 0.190246494 goproc
6866 0.141276707 goproc
6868 0.224186959 goproc
6869 0.136599597 goproc
6873 0.133381115 goproc
6876 0.13104252 goproc
6877 0.119977815 goproc
6882 0.135090003 goproc
6891 0.104190204 goproc
6897 0.191958128 goproc
6918 0.33477502 goproc
6927 0.289952897 goproc
6928 0.130412803 goproc
6929 0.209198527 goproc
6930 0.228235076 goproc
6940 0.210911155 goproc
6954 0.133381115 goproc
6958 0.665759606 goproc
6973 0.154247287 goproc
6976 0.380591544 goproc
6980 0.235238607 goproc
6989 0.224186959 goproc
6996 0.157897089 goproc
7000 0.219433717 goproc
7003 0.16813281 goproc
7005 0.341764598 goproc
7006 0.415983534 goproc
7008 0.133381115 goproc
7012 0.202816743 goproc
7014 0.460252311 goproc
7017 0.123148128 goproc
7020 0.157897089 goproc
7021 0.168956163 goproc
7025 0.236952443 goproc
7028 0.72009653 goproc
7029 0.23200397 goproc
7031 0.202816743 goproc
7044 0.110576828 goproc
7047 0.149173627 goproc
7054 0.112916034 goproc
7067 0.12548685 goproc
7078 0.138938239 goproc
7086 0.126364805 goproc
7105 0.16813281 goproc
7120 0.343497742 goproc
7126 0.139766496 goproc
7134 0.134210163 goproc
7156 0.225001021 goproc
7159 0.173629516 goproc
7160 0.123148128 goproc
7188 0.144442288 goproc
7189 0.183863774 goproc
7192 0.675017527 goproc
7195 0.115255061 goproc
7211 0.131872049 goproc
7237 0.112083346 goproc
7239 0.226521954 goproc
7245 0.142104479 goproc
7249 0.138938239 goproc
7262 0.115255061 goproc
7263 0.256525165 goproc
7267 0.210717151 goproc
7289 0.304664461 goproc
7290 0.146779925 goproc
7295 0.274670445 goproc
7309 0.119977815 goproc
7336 0.105024163 goproc
7350 0.261191197 goproc
7351 0.205151953 goproc
7368 0.162572026 goproc
7373 0.397819136 goproc
7375 0.141276707 goproc
7389 0.119977815 goproc
7392 0.136599597 goproc
7470 0.200481369 goproc
7471 0.175965939 goproc
7474 0.187090428 goproc
7475 0.13104252 goproc
7488 0.106529833 goproc
7526 0.138938239 goproc
7565 0.26443072 goproc
7569 0.376542598 goproc
7585 0.154675312 goproc
7588 0.576434426 goproc
7590 0.299200393 goproc
7596 0.196629036 goproc
7597 0.262905514 goproc
7598 0.386035209 goproc
7599 0.139766496 goproc
7600 0.21799661 goproc
7601 0.209198527 goproc
7607 0.534849735 goproc
7609 0.106731826 goproc
7619 0.144442288 goproc
7621 0.106529833 goproc
7625 0.167442999 goproc
7626 0.120809229 goproc
7633 0.137428338 goproc
7648 0.105024163 goproc
7655 0.300002164 goproc
7656 0.173629516 goproc
7658 0.115255061 goproc
7659 0.381987067 goproc
7667 0.190246494 goproc
7683 0.568502239 goproc
7691 0.141276707 goproc
7692 0.160234642 goproc
7709 0.187090428 goproc
7711 0.643343459 goproc
7713 0.208381904 goproc
7714 0.598279335 goproc
7715 0.355128563 goproc
7718 0.119977815 goproc
7722 0.146779925 goproc
7729 0.375793516 goproc
7730 0.104190204 goproc
7734 0.199039271 goproc
7736 0.210717151 goproc
7737 0.236952443 goproc
7738 0.155559365 goproc
7741 0.170666954 goproc
7745 0.138938239 goproc
7746 0.630941611 goproc
7747 0.201375178 goproc
7752 0.525774863 goproc
7778 0.266763687 goproc
7780 0.653599191 goproc
7781 0.198614495 goproc
7783 0.161059272 goproc
7788 0.264621183 goproc
7791 0.147662267 goproc
7802 0.104190204 goproc
7803 0.480748032 goproc
7806 0.159607405 goproc
7814 0.206046493 goproc
7832 0.123148128 goproc
7834 0.317200866 goproc
7840 0.13104252 goproc
7848 0.488489408 goproc
7851 0.225001021 goproc
7854 0.112916034 goproc
7865 0.741538948 goproc
7866 2.17199111 goproc
7869 0.189426765 goproc
7871 0.232904258 goproc
7885 0.164282129 goproc
7886 0.674062112 goproc
7887 0.244857324 goproc
7896 0.155559365 goproc
7897 0.177051598 goproc
7906 0.256525165 goproc
7915 0.115255061 goproc
7918 0.118470154 goproc
7920 0.104190204 goproc
7925 0.117593911 goproc
7927 0.102684827 goproc
7929 0.221146656 goproc
7972 0.209198527 goproc
7974 0.147662267 goproc
7981 0.541630112 goproc
7982 0.32128247 goproc
7983 0.142986038 goproc
7984 0.127195292 goproc
7985 0.73762997 goproc
7992 0.292283826 goproc
7993 0.287430821 goproc
8000 0.272337603 goproc
8007 0.207759036 goproc
8018 0.157897089 goproc
8019 1.13764187 goproc
8020 0.35372607 goproc
8021 0.117593911 goproc
8023 0.259764318 goproc
8024 0.192582162 goproc
8028 0.138917371 goproc
8032 0.232904258 goproc
8037 0.12548685 goproc
8045 0.112083346 goproc
8047 0.512265197 goproc
8048 0.146779925 goproc
8055 0.147662267 goproc
8060 0.600597516 goproc
8074 0.194991171 goproc
8080 0.109743667 goproc
8146 0.17685438 goproc
8159 0.285714833 goproc
8166 0.104190204 goproc
8239 0.146779925 goproc
8240 0.146779925 goproc
8250 0.608022523 goproc
8251 0.192582162 goproc
8255 0.194991171 goproc
8258 0.4610283 goproc
8274 0.431060092 goproc
8278 0.212429405 goproc
8283 0.187090428 goproc
8286 0.179191012 goproc
8292 0.432605713 goproc
8293 0.192582162 goproc
8306 0.294425346 goproc
8315 0.123148128 goproc
8317 0.284187148 goproc
8318 0.347533077 goproc
8321 0.256525165 goproc
8322 0.154047566 goproc
8323 0.691640656 goproc
8326 0.629038644 goproc
8327 0.117593911 goproc
8334 0.189426765 goproc
8337 0.411174307 goproc
8341 0.127825397 goproc
8345 0.105897877 goproc
8347 0.452330437 goproc
8349 0.324532663 goproc
8350 0.133581073 goproc
8353 0.117593911 goproc
8381 0.127825397 goproc
8383 0.116130901 goproc
8395 0.110576828 goproc
8396 0.297670787 goproc
8397 0.174517579 goproc
8398 0.335571318 goproc
8399 0.557490681 goproc
8401 0.26614585 goproc
8402 0.503743451 goproc
8405 0.118470154 goproc
8414 0.146779925 goproc
8417 0.120809229 goproc
8418 0.13104252 goproc
8420 0.127396767 goproc
8422 0.189426765 goproc
8423 0.294725706 goproc
8424 0.100345309 goproc
8430 0.131872049 goproc
8435 0.276385815 goproc
8440 0.141276707 goproc
8442 0.288958888 goproc
8443 0.760450107 goproc
8445 0.131872049 goproc
8446 0.153221468 goproc
8450 0.216283767 goproc
8451 0.354519391 goproc
8452 0.141475987 goproc
8453 0.21709911 goproc
8454 0.112083346 goproc
8455 0.133381115 goproc
8461 0.157897089 goproc
8468 0.12870375 goproc
8481 0.246287561 goproc
8489 0.136799657 goproc
8490 0.200481369 goproc
8491 0.192582162 goproc
8496 0.219433717 goproc
8497 0.318153458 goproc
8499 1.14748843 goproc
8500 3.08682047 goproc
8508 0.190246494 goproc
8522 0.121640505 goproc
8528 3.92449082 goproc
8566 0.254191915 goproc
8636 0.246287561 goproc
8640 0.256100312 goproc
8660 0.146779925 goproc
8662 0.288958888 goproc
8683 0.138938239 goproc
8693 0.259764318 goproc
8703 0.170470068 goproc
8704 0.197327382 goproc
8706 0.194991171 goproc
8707 0.126364805 goproc
8715 0.106529833 goproc
8724 0.146779925 goproc
8733 0.162572026 goproc
8742 0.101850397 goproc
8748 0.121640505 goproc
8749 0.251858507 goproc
8752 0.12548685 goproc
8753 0.346423594 goproc
8754 0.104190204 goproc
8756 0.17685438 goproc
8762 0.288046704 goproc
8764 0.370533748 goproc
8773 0.875085385 goproc
8788 0.118470154 goproc
8792 0.101850397 goproc
8820 0.251858507 goproc
8821 0.120809229 goproc
8847 0.312573704 goproc
8853 0.381987067 goproc
8858 0.133381115 goproc
8863 0.133381115 goproc
8878 0.173629516 goproc
8881 0.329990107 goproc
8882 0.14532424 goproc
8886 0.160432639 goproc
8887 0.266763687 goproc
8888 0.216283767 goproc
8912 0.141276707 goproc
8917 0.179191012 goproc
8921 0.123148128 goproc
8927 0.148489145 goproc
8944 0.12548685 goproc
8956 0.12870375 goproc
8960 0.109743667 goproc
8963 0.115255061 goproc
8964 0.203710919 goproc
8965 0.203710919 goproc
8968 0.117593911 goproc
8969 0.202816743 goproc
8971 0.270811244 goproc
8972 0.173629516 goproc
8977 0.424082597 goproc
8980 0.202816743 goproc
8987 0.337105025 goproc
8988 0.523280244 goproc
8989 0.119977815 goproc
8992 0.160234642 goproc
8995 0.173629516 goproc
9000 0.3149045 goproc
9001 0.181527476 goproc
9002 0.142986038 goproc
9009 0.258858259 goproc
9011 0.216283767 goproc
9020 0.141276707 goproc
9043 0.401867874 goproc
9044 0.150826512 goproc
9045 0.136599597 goproc
9048 0.436655294 goproc
9049 0.112083346 goproc
9054 0.169843466 goproc
9056 0.265238106 goproc
9064 0.141276707 goproc
9065 0.386787748 goproc
9066 0.119977815 goproc
9068 0.146151602 goproc
9069 0.142986038 goproc
9070 0.166619232 goproc
9071 0.136599597 goproc
9072 0.193474255 goproc
9074 0.109743667 goproc
9077 0.168956163 goproc
9084 0.165795384 goproc
9085 0.349677615 goproc
9088 0.210717151 goproc
9091 0.285714833 goproc
9106 0.144696171 goproc
9107 0.191138216 goproc
9108 0.134210163 goproc
9112 0.483071835 goproc
9117 0.338512159 goproc
9122 0.12548685 goproc
9123 0.346423594 goproc
9124 0.236952443 goproc
9129 0.260572764 goproc
9132 0.222666381 goproc
9135 0.349677615 goproc
9160 0.472823752 goproc
9163 0.134210163 goproc
9164 0.54859058 goproc
9165 0.306381538 goproc
9173 0.300804017 goproc
9174 0.539309716 goproc
9175 0.561544187 goproc
9176 0.417888162 goproc
9178 0.595376816 goproc
9184 0.470499697 goproc
9185 0.148489145 goproc
9186 0.126364805 goproc
9189 0.109743667 goproc
9190 0.15872221 goproc
9193 0.134210163 goproc
9195 0.12548685 goproc
9203 0.104190204 goproc
9204 0.342559222 goproc
9208 0.310430661 goproc
9209 0.112083346 goproc
9211 0.120809229 goproc
9212 0.329990107 goproc
9213 0.162572026 goproc
9218 0.852989471 goproc
9226 0.187090428 goproc
9228 0.675760486 goproc
9229 0.348141924 goproc
9246 0.165795384 goproc
9248 0.359176196 goproc
9253 0.226521954 goproc
9254 0.544541029 goproc
9255 0.247191213 goproc
9256 0.183863774 goproc
9260 0.736283316 goproc
9261 0.198145831 goproc
9265 0.261191197 goproc
9268 0.338512159 goproc
9270 0.160234642 goproc
9278 0.127195292 goproc
9291 0.106529833 goproc
9297 0.152337802 goproc
9302 0.109743667 goproc
9308 0.150000121 goproc
9316 0.105024163 goproc
9338 0.104190204 goproc
9348 0.63169254 goproc
9349 0.690246459 goproc
9375 0.173629516 goproc
9386 0.104190204 goproc
9395 0.293622833 goproc
9400 0.345812754 goproc
9401 0.444409893 goproc
9413 0.112083346 goproc
9421 0.194991171 goproc
9423 0.287010298 goproc
9425 0.216283767 goproc
9426 0.118470154 goproc
9427 0.152337802 goproc
9429 0.100345309 goproc
9433 0.476873459 goproc
9434 0.13104252 goproc
9443 0.240104808 goproc
9454 0.20624146 goproc
9471 0.45792787 goproc
9478 0.676590022 goproc
9489 0.109743667 goproc
9495 0.109743667 goproc
9499 0.152337802 goproc
9509 0.133381115 goproc
9513 0.108237443 goproc
9514 0.194991171 goproc
9518 0.221146656 goproc
9519 0.108237443 goproc
9526 0.109743667 goproc
9533 0.116130901 goproc
9546 0.220331578 goproc
9547 0.431060092 goproc
9551 0.106529833 goproc
9555 0.116130901 goproc
9556 0.142986038 goproc
9559 0.373446836 goproc
9581 0.731088541 goproc
9598 0.117593911 goproc
9609 0.147849013 goproc
9618 0.157269782 goproc
9634 0.158921134 goproc
9640 0.262097597 goproc
9650 0.52441895 goproc
9651 0.239286465 goproc
9652 0.179191012 goproc
9653 0.106529833 goproc
9659 0.13104252 goproc
9662 0.227335498 goproc
9664 0.161059272 goproc
9666 0.161059272 goproc
9678 0.152337802 goproc
9681 0.129533759 goproc
9683 0.230569748 goproc
9688 0.129533759 goproc
9692 0.12548685 goproc
9708 0.202816743 goproc
9710 0.162572026 goproc
9712 0.12870375 goproc
9713 0.154675312 goproc
9715 0.277808162 goproc
9717 0.272337603 goproc
9727 0.146779925 goproc
9728 0.12548685 goproc
9733 0.366298387 goproc
9734 0.370955492 goproc
9735 0.266763687 goproc
9736 0.202816743 goproc
9740 0.581430032 goproc
9742 0.329193083 goproc
9747 0.101850397 goproc
9752 0.216283767 goproc
9754 0.109743667 goproc
9767 0.112083346 goproc
9772 0.104190204 goproc
9773 0.532937014 goproc
9785 0.157897089 goproc
9786 0.24862094 goproc
9787 0.119977815 goproc
9789 0.816202154 goproc
9791 0.106529833 goproc
9792 0.117593911 goproc
9793 0.216283767 goproc
9795 0.266763687 goproc
9796 0.613167249 goproc
9810 0.253382746 goproc
9814 0.375188653 goproc
9815 0.318153458 goproc
9818 0.133381115 goproc
9819 0.166619232 goproc
9820 0.489622239 goproc
9822 0.141276707 goproc
9828 0.197327382 goproc
9832 0.109743667 goproc
9838 0.127825397 goproc
9840 0.136599597 goproc
9847 0.106529833 goproc
9849 0.109743667 goproc
9850 0.152337802 goproc
9856 0.227335498 goproc
9868 0.296756548 goproc
9869 0.12548685 goproc
9881 0.157897089 goproc
9883 0.150000121 goproc
9891 0.163396162 goproc
9897 0.173629516 goproc
9899 0.12548685 goproc
9901 0.128073934 goproc
9909 1.45208393 goproc
9915 0.112083346 goproc
9916 0.141276707 goproc
9918 0.260572764 goproc
9921 0.119977815 goproc
9930 0.12548685 goproc
9931 0.288046704 goproc
9936 0.144442288 goproc
9942 0.117593911 goproc
9943 0.119977815 goproc
9944 0.28014016 goproc
9945 0.328396178 goproc
9949 0.175965939 goproc
9953 0.10355813 goproc
9961 0.390836563 goproc
9962 0.24862094 goproc
9978 0.170470068 goproc
9980 0.127825397 goproc
9990 0.136599597 goproc
9991 0.133381115 goproc
9993 0.202816743 goproc
9995 0.245477106 goproc
9999 0.455603299 goproc
10004 0.101850397 goproc
10010 0.323612587 goproc
10011 0.138938239 goproc
10014 0.16813281 goproc
10022 0.119977815 goproc
10032 0.165795384 goproc
10035 0.12548685 goproc
10074 0.112083346 goproc
10106 0.112083346 goproc
10116 0.133381115 goproc
10130 0.243954023 goproc
10143 0.109743667 goproc
10194 0.119977815 goproc
10238 0.153221468 goproc
10245 0.112083346 goproc
10265 0.190246494 goproc
10304 0.171292924 goproc
10310 0.115255061 goproc
10318 0.129533759 goproc
10321 0.200481369 goproc
10322 0.109743667 goproc
10329 0.239906825 goproc
10330 0.106529833 goproc
10337 0.138938239 goproc
10344 0.189426765 goproc
10351 0.135090003 goproc
10362 0.182417253 goproc
10411 0.112083346 goproc
10417 0.106529833 goproc
10420 0.149173627 goproc
10428 0.149173627 goproc
10464 0.131872049 goproc
10477 0.105024163 goproc
10482 0.403409908 goproc
10498 0.157897089 goproc
10520 0.10740381 goproc
10523 0.162572026 goproc
10600 0.16813281 goproc
10625 0.832117877 goproc
10628 0.209198527 goproc
10639 0.234337967 goproc
10648 0.197327382 goproc
10669 0.162572026 goproc
10704 0.104190204 goproc
10710 0.117593911 goproc
10722 0.149173627 goproc
10725 0.104190204 goproc
10726 0.162572026 goproc
10729 0.296142191 goproc
10733 0.175965939 goproc
10738 0.219433717 goproc
10742 0.291290936 goproc
10755 0.388362286 goproc
10756 0.137428338 goproc
10758 0.969028751 goproc
10768 0.138938239 goproc
10774 0.133381115 goproc
10802 0.105024163 goproc
10805 0.216283767 goproc
10808 0.318952204 goproc
10809 0.101850397 goproc
10815 0.163396162 goproc
10818 0.345018297 goproc
10828 0.221768161 goproc
10831 0.49927919 goproc
10861 0.162572026 goproc
10868 0.112083346 goproc
10883 0.16813281 goproc
10903 0.12548685 goproc
10931 0.239906825 goproc
10934 0.101850397 goproc
10969 0.152337802 goproc
10978 0.571182219 goproc
10984 0.401867874 goproc
10989 0.106529833 goproc
10995 0.183863774 goproc
10998 0.670964407 goproc
11003 0.137428338 goproc
11004 0.186663493 goproc
11007 0.149173627 goproc
11017 0.325330791 goproc
11021 0.224186959 goproc
11023 0.146779925 goproc
11026 0.141276707 goproc
11028 0.423140657 goproc
11029 0.149173627 goproc
11033 0.558839589 goproc
11038 0.150826512 goproc
11039 0.183436097 goproc
11043 0.147662267 goproc
11045 0.334354805 goproc
11049 0.123148128 goproc
11050 0.471273789 goproc
11051 0.138256961 goproc
11052 0.127825397 goproc
11053 0.138938239 goproc
11055 0.133381115 goproc
11056 0.152337802 goproc
11063 0.134210163 goproc
11068 0.10355813 goproc
11074 0.17685438 goproc
11078 0.160234642 goproc
11079 0.337105025 goproc
11086 0.104190204 goproc
11089 0.155559365 goproc
11099 0.406103789 goproc
11103 0.511670595 goproc
11105 0.101850397 goproc
11116 0.291290936 goproc
11118 0.160234642 goproc
11135 0.150000121 goproc
11136 0.243143044 goproc
11140 0.205151953 goproc
11141 0.161059272 goproc
11145 0.540866594 goproc
11155 0.106529833 goproc
11163 0.173629516 goproc
11170 0.123148128 goproc
11200 0.136599597 goproc
11209 0.363041362 goproc
11218 0.491353745 goproc
11234 0.117593911 goproc
11239 0.136599597 goproc
11251 0.286626687 goproc
11252 0.127825397 goproc
11255 0.106529833 goproc
11277 0.141276707 goproc
11282 0.141276707 goproc
11306 0.398604628 goproc
11319 0.133381115 goproc
11364 0.104190204 goproc
11424 0.127825397 goproc
11440 0.123148128 goproc
11457 0.102684827 goproc
11460 0.119301905 goproc
11466 0.352571723 goproc
11487 0.12548685 goproc
11532 0.290378424 goproc
11534 0.146779925 goproc
11535 0.282578533 goproc
11536 0.12548685 goproc
11539 0.226521954 goproc
11540 0.133381115 goproc
11541 0.133381115 goproc
11542 0.106529833 goproc
11556 0.106529833 goproc
11557 0.106529833 goproc
11565 0.189426765 goproc
11572 0.127825397 goproc
11573 0.589592395 goproc
11587 0.118470154 goproc
11597 0.104190204 goproc
11604 0.142104479 goproc
11621 0.52615301 goproc
11626 0.304664461 goproc
11627 0.258858259 goproc
11640 0.104190204 goproc
11641 0.106529833 goproc
11649 0.192582162 goproc
11674 0.109743667 goproc
11679 0.157897089 goproc
11719 0.52441895 goproc
11731 0.109743667 goproc
11742 0.155559365 goproc
11743 0.164480832 goproc
11745 0.241620325 goproc
11752 0.232904258 goproc
11780 0.112083346 goproc
11781 0.35372607 goproc
11782 0.23200397 goproc
11815 0.146779925 goproc
11818 0.119977815 goproc
11848 0.181527476 goproc
11858 0.115255061 goproc
11861 0.106529833 goproc
11866 0.104190204 goproc
11867 0.104190204 goproc
11870 0.104190204 goproc
11871 0.104190204 goproc
11876 0.106529833 goproc
11884 0.142104479 goproc
11886 0.141276707 goproc
11895 0.154675312 goproc
11898 0.190514603 goproc
11899 0.322202229 goproc
11900 0.172180608 goproc
11901 0.116130901 goproc
11902 0.118470154 goproc
11916 0.138938239 goproc
11920 0.154675312 goproc
11927 0.117593911 goproc
11948 0.122517822 goproc
11960 0.136599597 goproc
11964 0.275476011 goproc
11966 0.181527476 goproc
11985 0.149173627 goproc
11988 0.112083346 goproc
12001 0.160234642 goproc
12009 0.112083346 goproc
12038 0.37346602 goproc
12040 0.759894139 goproc
12042 0.395491749 goproc
12051 0.146779925 goproc
12054 0.424685111 goproc
12060 0.25095416 goproc
12094 0.100548613 goproc
12114 0.183863774 goproc
12117 0.138938239 goproc
12148 0.109743667 goproc
12159 0.104190204 goproc
12166 0.136599597 goproc
12174 0.163396162 goproc
12178 0.203710919 goproc
12188 0.333852912 goproc
12257 0.175965939 goproc
12279 0.127825397 goproc
12321 0.508565244 goproc
12322 0.17856563 goproc
12438 0.112083346 goproc
12463 0.141276707 goproc
12469 0.366482659 goproc
12496 0.104190204 goproc
12498 0.168956163 goproc
12503 0.26614585 goproc
12506 0.152337802 goproc
12530 0.371745259 goproc
12574 0.121640505 goproc
12586 0.104190204 goproc
12587 0.112083346 goproc
12604 0.147662267 goproc
12615 0.112083346 goproc
12640 0.112083346 goproc
12697 0.200481369 goproc
12698 0.2054236 goproc
12699 0.140647661 goproc
12702 0.3364946 goproc
12743 0.152337802 goproc
12764 0.12548685 goproc
12826 0.122517822 goproc
12830 0.120809229 goproc
12898 0.146779925 goproc
12902 0.174517579 goproc
12907 0.104190204 goproc
12936 0.146779925 goproc
12991 0.109743667 goproc
13014 0.135919107 goproc
13022 0.818666549 goproc
13058 0.675017527 goproc
13113 0.101850397 goproc
13138 0.184753924 goproc
13139 0.452330437 goproc
13223 0.200481369 goproc
13225 0.173892083 goproc
13238 0.12548685 goproc
13255 0.152337802 goproc
13267 0.229669814 goproc
13330 0.106529833 goproc
13337 0.109743667 goproc
13474 0.120809229 goproc
13498 0.13104252 goproc
13585 0.117593911 goproc
13589 0.112083346 goproc
13599 0.119977815 goproc
13609 0.112083346 goproc
13669 0.160234642 goproc
13695 0.141276707 goproc
13696 0.218618888 goproc
13738 0.106529833 goproc
13771 0.138938239 goproc
13772 0.289762484 goproc
13796 0.299200393 goproc
13797 0.403409908 goproc
13816 0.175965939 goproc
13817 0.109743667 goproc
13830 0.127825397 goproc
13870 0.261191197 goproc
13918 0.106529833 goproc
13952 0.141276707 goproc
14065 0.664597837 goproc
14084 0.12870375 goproc
14094 0.119977815 goproc
14168 0.112083346 goproc
14201 0.277808162 goproc
14248 0.127825397 goproc
14255 0.23200397 goproc
14277 0.133381115 goproc
14288 0.427791908 goproc
14319 0.106529833 goproc
14327 0.282959137 goproc
14334 0.13104252 goproc
14358 0.12548685 goproc
14360 0.179191012 goproc
14365 0.141276707 goproc
14372 0.189622419 goproc
14381 0.152337802 goproc
14382 0.120809229 goproc
14412 0.180902143 goproc
14420 0.117593911 goproc
14421 0.155559365 goproc
14460 0.126364805 goproc
14473 0.104190204 goproc
14502 0.109743667 goproc
14525 0.318153458 goproc
14542 0.17685438 goproc
14543 0.142986038 goproc
14585 0.304664461 goproc
14647 0.194991171 goproc
14682 0.104190204 goproc
14685 0.208381904 goproc
14686 0.325942556 goproc
14687 0.123148128 goproc
14705 0.109743667 goproc
14706 0.146779925 goproc
14724 0.165795384 goproc
14742 0.112916034 goproc
14747 0.284187148 goproc
14766 0.203710919 goproc
14784 0.112083346 goproc
14813 0.13104252 goproc
14859 0.173629516 goproc
14863 0.251858507 goproc
14866 0.24952494 goproc
14867 0.116130901 goproc
14869 0.148489145 goproc
14870 0.12548685 goproc
14872 0.155559365 goproc
